%!Adobe-FontList 1.23
%Locale:0x416

%BeginFont
Handler:DirectoryHandler
FontType:Type1
FontName:TTSupermolotNeue-Black
FamilyName:TT Supermolot Neue
StyleName:Black
FullName:TT Supermolot Neue Black
MenuName:TT Supermolot Neue Black
StyleBits:2
WritingScript:Roman
OutlineFileName:S:\Comercial\Publicidade\Cardall\Logo_perfil\Identidade 2022\Font\TTSupermolotNeue-Black.otf
DataFormat:sfntData
UsesStandardEncoding:yes
isCFF:yes
hasSVG:no
VariableFontType:NonVariableFont
FileLength:73200
FileModTime:1547163916
WeightClass:900
WidthClass:5
AngleClass:0
NameArray:0,Mac,4,TT Supermolot Neue Black
NameArray:0,Win,1,TT Supermolot Neue Black
NameArray:0,Win,16,TT Supermolot Neue
%EndFont

%BeginFont
Handler:DirectoryHandler
FontType:TrueType
FontName:TTSupermolotNeue-Black
FamilyName:TT Supermolot Neue
StyleName:Black
FullName:TT Supermolot Neue Black
MenuName:TT Supermolot Neue Black
StyleBits:2
WritingScript:Roman
OutlineFileName:S:\Comercial\Publicidade\Cardall\Logo_perfil\Identidade 2022\Font\TTSupermolotNeue-Black.ttf
DataFormat:sfntData
hasSVG:no
VariableFontType:NonVariableFont
FileLength:171164
FileModTime:1547163932
WeightClass:900
WidthClass:5
AngleClass:0
NameArray:0,Mac,4,TT Supermolot Neue Black
NameArray:0,Win,1,TT Supermolot Neue Black
NameArray:0,Win,16,TT Supermolot Neue
%EndFont

%BeginFont
Handler:DirectoryHandler
FontType:Type1
FontName:TTSupermolotNeue-BlackItalic
FamilyName:TT Supermolot Neue
StyleName:Black Italic
FullName:TT Supermolot Neue Black Italic
MenuName:TT Supermolot Neue Black Italic
StyleBits:3
WritingScript:Roman
OutlineFileName:S:\Comercial\Publicidade\Cardall\Logo_perfil\Identidade 2022\Font\TTSupermolotNeue-BlackItalic.otf
DataFormat:sfntData
UsesStandardEncoding:yes
isCFF:yes
hasSVG:no
VariableFontType:NonVariableFont
FileLength:75548
FileModTime:1547163918
WeightClass:900
WidthClass:5
AngleClass:0
NameArray:0,Mac,4,TT Supermolot Neue Black Italic
NameArray:0,Win,1,TT Supermolot Neue Black Italic
NameArray:0,Win,16,TT Supermolot Neue
%EndFont

%BeginFont
Handler:DirectoryHandler
FontType:TrueType
FontName:TTSupermolotNeue-BlackItalic
FamilyName:TT Supermolot Neue
StyleName:Black Italic
FullName:TT Supermolot Neue Black Italic
MenuName:TT Supermolot Neue Black Italic
StyleBits:3
WritingScript:Roman
OutlineFileName:S:\Comercial\Publicidade\Cardall\Logo_perfil\Identidade 2022\Font\TTSupermolotNeue-BlackItalic.ttf
DataFormat:sfntData
hasSVG:no
VariableFontType:NonVariableFont
FileLength:175720
FileModTime:1547163932
WeightClass:900
WidthClass:5
AngleClass:0
NameArray:0,Mac,4,TT Supermolot Neue Black Italic
NameArray:0,Win,1,TT Supermolot Neue Black Italic
NameArray:0,Win,16,TT Supermolot Neue
%EndFont

%BeginFont
Handler:DirectoryHandler
FontType:Type1
FontName:TTSupermolotNeue-Bold
FamilyName:TT Supermolot Neue
StyleName:Bold
FullName:TT Supermolot Neue Bold
MenuName:TT Supermolot Neue Bold
StyleBits:2
WritingScript:Roman
OutlineFileName:S:\Comercial\Publicidade\Cardall\Logo_perfil\Identidade 2022\Font\TTSupermolotNeue-Bold.otf
DataFormat:sfntData
UsesStandardEncoding:yes
isCFF:yes
hasSVG:no
VariableFontType:NonVariableFont
FileLength:76928
FileModTime:1547163916
WeightClass:700
WidthClass:5
AngleClass:0
NameArray:0,Mac,4,TT Supermolot Neue Bold
NameArray:0,Win,1,TT Supermolot Neue Bold
NameArray:0,Win,16,TT Supermolot Neue
%EndFont

%BeginFont
Handler:DirectoryHandler
FontType:TrueType
FontName:TTSupermolotNeue-Bold
FamilyName:TT Supermolot Neue
StyleName:Bold
FullName:TT Supermolot Neue Bold
MenuName:TT Supermolot Neue Bold
StyleBits:2
WritingScript:Roman
OutlineFileName:S:\Comercial\Publicidade\Cardall\Logo_perfil\Identidade 2022\Font\TTSupermolotNeue-Bold.ttf
DataFormat:sfntData
hasSVG:no
VariableFontType:NonVariableFont
FileLength:174724
FileModTime:1547163932
WeightClass:700
WidthClass:5
AngleClass:0
NameArray:0,Mac,4,TT Supermolot Neue Bold
NameArray:0,Win,1,TT Supermolot Neue Bold
NameArray:0,Win,16,TT Supermolot Neue
%EndFont

%BeginFont
Handler:DirectoryHandler
FontType:Type1
FontName:TTSupermolotNeue-BoldItalic
FamilyName:TT Supermolot Neue
StyleName:Bold Italic
FullName:TT Supermolot Neue Bold Italic
MenuName:TT Supermolot Neue Bold Italic
StyleBits:3
WritingScript:Roman
OutlineFileName:S:\Comercial\Publicidade\Cardall\Logo_perfil\Identidade 2022\Font\TTSupermolotNeue-BoldItalic.otf
DataFormat:sfntData
UsesStandardEncoding:yes
isCFF:yes
hasSVG:no
VariableFontType:NonVariableFont
FileLength:78892
FileModTime:1547163916
WeightClass:700
WidthClass:5
AngleClass:0
NameArray:0,Mac,4,TT Supermolot Neue Bold Italic
NameArray:0,Win,1,TT Supermolot Neue Bold Italic
NameArray:0,Win,16,TT Supermolot Neue
%EndFont

%BeginFont
Handler:DirectoryHandler
FontType:TrueType
FontName:TTSupermolotNeue-BoldItalic
FamilyName:TT Supermolot Neue
StyleName:Bold Italic
FullName:TT Supermolot Neue Bold Italic
MenuName:TT Supermolot Neue Bold Italic
StyleBits:3
WritingScript:Roman
OutlineFileName:S:\Comercial\Publicidade\Cardall\Logo_perfil\Identidade 2022\Font\TTSupermolotNeue-BoldItalic.ttf
DataFormat:sfntData
hasSVG:no
VariableFontType:NonVariableFont
FileLength:179340
FileModTime:1547163932
WeightClass:700
WidthClass:5
AngleClass:0
NameArray:0,Mac,4,TT Supermolot Neue Bold Italic
NameArray:0,Win,1,TT Supermolot Neue Bold Italic
NameArray:0,Win,16,TT Supermolot Neue
%EndFont

%BeginFont
Handler:DirectoryHandler
FontType:Type1
FontName:TTSupermolotNeue-DemBdIta
FamilyName:TT Supermolot Neue
StyleName:DemiBold Italic
FullName:TT Supermolot Neue DemBd Ita
MenuName:TT Supermolot Neue DemiBold Ita
StyleBits:3
WritingScript:Roman
OutlineFileName:S:\Comercial\Publicidade\Cardall\Logo_perfil\Identidade 2022\Font\TTSupermolotNeue-DemBdIta.otf
DataFormat:sfntData
UsesStandardEncoding:yes
isCFF:yes
hasSVG:no
VariableFontType:NonVariableFont
FileLength:79364
FileModTime:1547163916
WeightClass:600
WidthClass:5
AngleClass:0
NameArray:0,Mac,4,TT Supermolot Neue DemBd Ita
NameArray:0,Win,1,TT Supermolot Neue DemiBold Ita
NameArray:0,Win,16,TT Supermolot Neue
%EndFont

%BeginFont
Handler:DirectoryHandler
FontType:TrueType
FontName:TTSupermolotNeue-DemBdIta
FamilyName:TT Supermolot Neue
StyleName:DemiBold Italic
FullName:TT Supermolot Neue DemBd Ita
MenuName:TT Supermolot Neue DemiBold Ita
StyleBits:3
WritingScript:Roman
OutlineFileName:S:\Comercial\Publicidade\Cardall\Logo_perfil\Identidade 2022\Font\TTSupermolotNeue-DemBdIta.ttf
DataFormat:sfntData
hasSVG:no
VariableFontType:NonVariableFont
FileLength:181832
FileModTime:1547163932
WeightClass:600
WidthClass:5
AngleClass:0
NameArray:0,Mac,4,TT Supermolot Neue DemBd Ita
NameArray:0,Win,1,TT Supermolot Neue DemiBold Ita
NameArray:0,Win,16,TT Supermolot Neue
%EndFont

%BeginFont
Handler:DirectoryHandler
FontType:Type1
FontName:TTSupermolotNeue-DemiBold
FamilyName:TT Supermolot Neue
StyleName:DemiBold
FullName:TT Supermolot Neue DemiBold
MenuName:TT Supermolot Neue DemiBold
StyleBits:2
WritingScript:Roman
OutlineFileName:S:\Comercial\Publicidade\Cardall\Logo_perfil\Identidade 2022\Font\TTSupermolotNeue-DemiBold.otf
DataFormat:sfntData
UsesStandardEncoding:yes
isCFF:yes
hasSVG:no
VariableFontType:NonVariableFont
FileLength:76496
FileModTime:1547163914
WeightClass:600
WidthClass:5
AngleClass:0
NameArray:0,Mac,4,TT Supermolot Neue DemiBold
NameArray:0,Win,1,TT Supermolot Neue DemiBold
NameArray:0,Win,16,TT Supermolot Neue
%EndFont

%BeginFont
Handler:DirectoryHandler
FontType:TrueType
FontName:TTSupermolotNeue-DemiBold
FamilyName:TT Supermolot Neue
StyleName:DemiBold
FullName:TT Supermolot Neue DemiBold
MenuName:TT Supermolot Neue DemiBold
StyleBits:2
WritingScript:Roman
OutlineFileName:S:\Comercial\Publicidade\Cardall\Logo_perfil\Identidade 2022\Font\TTSupermolotNeue-DemiBold.ttf
DataFormat:sfntData
hasSVG:no
VariableFontType:NonVariableFont
FileLength:175136
FileModTime:1547163932
WeightClass:600
WidthClass:5
AngleClass:0
NameArray:0,Mac,4,TT Supermolot Neue DemiBold
NameArray:0,Win,1,TT Supermolot Neue DemiBold
NameArray:0,Win,16,TT Supermolot Neue
%EndFont

%BeginFont
Handler:DirectoryHandler
FontType:Type1
FontName:TTSupermolotNeue-ExtBdIta
FamilyName:TT Supermolot Neue
StyleName:ExtraBold Italic
FullName:TT Supermolot Neue ExtBd Ita
MenuName:TT Supermolot Neue ExtBold Ita
StyleBits:3
WritingScript:Roman
OutlineFileName:S:\Comercial\Publicidade\Cardall\Logo_perfil\Identidade 2022\Font\TTSupermolotNeue-ExtBdIta.otf
DataFormat:sfntData
UsesStandardEncoding:yes
isCFF:yes
hasSVG:no
VariableFontType:NonVariableFont
FileLength:77140
FileModTime:1547163916
WeightClass:800
WidthClass:5
AngleClass:0
NameArray:0,Mac,4,TT Supermolot Neue ExtBd Ita
NameArray:0,Win,1,TT Supermolot Neue ExtBold Ita
NameArray:0,Win,16,TT Supermolot Neue
%EndFont

%BeginFont
Handler:DirectoryHandler
FontType:TrueType
FontName:TTSupermolotNeue-ExtBdIta
FamilyName:TT Supermolot Neue
StyleName:ExtraBold Italic
FullName:TT Supermolot Neue ExtBd Ita
MenuName:TT Supermolot Neue ExtBold Ita
StyleBits:3
WritingScript:Roman
OutlineFileName:S:\Comercial\Publicidade\Cardall\Logo_perfil\Identidade 2022\Font\TTSupermolotNeue-ExtBdIta.ttf
DataFormat:sfntData
hasSVG:no
VariableFontType:NonVariableFont
FileLength:178612
FileModTime:1547163932
WeightClass:800
WidthClass:5
AngleClass:0
NameArray:0,Mac,4,TT Supermolot Neue ExtBd Ita
NameArray:0,Win,1,TT Supermolot Neue ExtBold Ita
NameArray:0,Win,16,TT Supermolot Neue
%EndFont

%BeginFont
Handler:DirectoryHandler
FontType:Type1
FontName:TTSupermolotNeue-ExtLtIta
FamilyName:TT Supermolot Neue
StyleName:ExtraLight Italic
FullName:TT Supermolot Neue ExtLt Ita
MenuName:TT Supermolot Neue ExtLight Ita
StyleBits:1
WritingScript:Roman
OutlineFileName:S:\Comercial\Publicidade\Cardall\Logo_perfil\Identidade 2022\Font\TTSupermolotNeue-ExtLtIta.otf
DataFormat:sfntData
UsesStandardEncoding:yes
isCFF:yes
hasSVG:no
VariableFontType:NonVariableFont
FileLength:77372
FileModTime:1547163912
WeightClass:300
WidthClass:5
AngleClass:0
NameArray:0,Mac,4,TT Supermolot Neue ExtLt Ita
NameArray:0,Win,1,TT Supermolot Neue ExtLight Ita
NameArray:0,Win,16,TT Supermolot Neue
%EndFont

%BeginFont
Handler:DirectoryHandler
FontType:TrueType
FontName:TTSupermolotNeue-ExtLtIta
FamilyName:TT Supermolot Neue
StyleName:ExtraLight Italic
FullName:TT Supermolot Neue ExtLt Ita
MenuName:TT Supermolot Neue ExtLight Ita
StyleBits:1
WritingScript:Roman
OutlineFileName:S:\Comercial\Publicidade\Cardall\Logo_perfil\Identidade 2022\Font\TTSupermolotNeue-ExtLtIta.ttf
DataFormat:sfntData
hasSVG:no
VariableFontType:NonVariableFont
FileLength:176272
FileModTime:1547163932
WeightClass:300
WidthClass:5
AngleClass:0
NameArray:0,Mac,4,TT Supermolot Neue ExtLt Ita
NameArray:0,Win,1,TT Supermolot Neue ExtLight Ita
NameArray:0,Win,16,TT Supermolot Neue
%EndFont

%BeginFont
Handler:DirectoryHandler
FontType:Type1
FontName:TTSupermolotNeue-ExtraBold
FamilyName:TT Supermolot Neue
StyleName:ExtraBold
FullName:TT Supermolot Neue ExtraBold
MenuName:TT Supermolot Neue ExtraBold
StyleBits:2
WritingScript:Roman
OutlineFileName:S:\Comercial\Publicidade\Cardall\Logo_perfil\Identidade 2022\Font\TTSupermolotNeue-ExtraBold.otf
DataFormat:sfntData
UsesStandardEncoding:yes
isCFF:yes
hasSVG:no
VariableFontType:NonVariableFont
FileLength:77152
FileModTime:1547163916
WeightClass:800
WidthClass:5
AngleClass:0
NameArray:0,Mac,4,TT Supermolot Neue ExtraBold
NameArray:0,Win,1,TT Supermolot Neue ExtraBold
NameArray:0,Win,16,TT Supermolot Neue
%EndFont

%BeginFont
Handler:DirectoryHandler
FontType:TrueType
FontName:TTSupermolotNeue-ExtraBold
FamilyName:TT Supermolot Neue
StyleName:ExtraBold
FullName:TT Supermolot Neue ExtraBold
MenuName:TT Supermolot Neue ExtraBold
StyleBits:2
WritingScript:Roman
OutlineFileName:S:\Comercial\Publicidade\Cardall\Logo_perfil\Identidade 2022\Font\TTSupermolotNeue-ExtraBold.ttf
DataFormat:sfntData
hasSVG:no
VariableFontType:NonVariableFont
FileLength:174348
FileModTime:1547163932
WeightClass:800
WidthClass:5
AngleClass:0
NameArray:0,Mac,4,TT Supermolot Neue ExtraBold
NameArray:0,Win,1,TT Supermolot Neue ExtraBold
NameArray:0,Win,16,TT Supermolot Neue
%EndFont

%BeginFont
Handler:DirectoryHandler
FontType:Type1
FontName:TTSupermolotNeue-ExtraLight
FamilyName:TT Supermolot Neue
StyleName:ExtraLight
FullName:TT Supermolot Neue ExtraLight
MenuName:TT Supermolot Neue ExtraLight
StyleBits:0
WritingScript:Roman
OutlineFileName:S:\Comercial\Publicidade\Cardall\Logo_perfil\Identidade 2022\Font\TTSupermolotNeue-ExtraLight.otf
DataFormat:sfntData
UsesStandardEncoding:yes
isCFF:yes
hasSVG:no
VariableFontType:NonVariableFont
FileLength:73144
FileModTime:1547163912
WeightClass:300
WidthClass:5
AngleClass:0
NameArray:0,Mac,4,TT Supermolot Neue ExtraLight
NameArray:0,Win,1,TT Supermolot Neue ExtraLight
NameArray:0,Win,16,TT Supermolot Neue
%EndFont

%BeginFont
Handler:DirectoryHandler
FontType:TrueType
FontName:TTSupermolotNeue-ExtraLight
FamilyName:TT Supermolot Neue
StyleName:ExtraLight
FullName:TT Supermolot Neue ExtraLight
MenuName:TT Supermolot Neue ExtraLight
StyleBits:0
WritingScript:Roman
OutlineFileName:S:\Comercial\Publicidade\Cardall\Logo_perfil\Identidade 2022\Font\TTSupermolotNeue-ExtraLight.ttf
DataFormat:sfntData
hasSVG:no
VariableFontType:NonVariableFont
FileLength:173304
FileModTime:1547163932
WeightClass:300
WidthClass:5
AngleClass:0
NameArray:0,Mac,4,TT Supermolot Neue ExtraLight
NameArray:0,Win,1,TT Supermolot Neue ExtraLight
NameArray:0,Win,16,TT Supermolot Neue
%EndFont

%BeginFont
Handler:DirectoryHandler
FontType:Type1
FontName:TTSupermolotNeue-Italic
FamilyName:TT Supermolot Neue
StyleName:Italic
FullName:TT Supermolot Neue Italic
MenuName:TT Supermolot Neue Italic
StyleBits:1
WritingScript:Roman
OutlineFileName:S:\Comercial\Publicidade\Cardall\Logo_perfil\Identidade 2022\Font\TTSupermolotNeue-Italic.otf
DataFormat:sfntData
UsesStandardEncoding:yes
isCFF:yes
hasSVG:no
VariableFontType:NonVariableFont
FileLength:77456
FileModTime:1547163914
WeightClass:400
WidthClass:5
AngleClass:0
NameArray:0,Mac,4,TT Supermolot Neue Italic
NameArray:0,Win,1,TT Supermolot Neue Italic
NameArray:0,Win,16,TT Supermolot Neue
%EndFont

%BeginFont
Handler:DirectoryHandler
FontType:TrueType
FontName:TTSupermolotNeue-Italic
FamilyName:TT Supermolot Neue
StyleName:Italic
FullName:TT Supermolot Neue Italic
MenuName:TT Supermolot Neue Italic
StyleBits:1
WritingScript:Roman
OutlineFileName:S:\Comercial\Publicidade\Cardall\Logo_perfil\Identidade 2022\Font\TTSupermolotNeue-Italic.ttf
DataFormat:sfntData
hasSVG:no
VariableFontType:NonVariableFont
FileLength:177288
FileModTime:1547163932
WeightClass:400
WidthClass:5
AngleClass:0
NameArray:0,Mac,4,TT Supermolot Neue Italic
NameArray:0,Win,1,TT Supermolot Neue Italic
NameArray:0,Win,16,TT Supermolot Neue
%EndFont

%BeginFont
Handler:DirectoryHandler
FontType:Type1
FontName:TTSupermolotNeue-Light
FamilyName:TT Supermolot Neue
StyleName:Light
FullName:TT Supermolot Neue Light
MenuName:TT Supermolot Neue Light
StyleBits:2
WritingScript:Roman
OutlineFileName:S:\Comercial\Publicidade\Cardall\Logo_perfil\Identidade 2022\Font\TTSupermolotNeue-Light.otf
DataFormat:sfntData
UsesStandardEncoding:yes
isCFF:yes
hasSVG:no
VariableFontType:NonVariableFont
FileLength:72920
FileModTime:1547163912
WeightClass:300
WidthClass:5
AngleClass:0
NameArray:0,Mac,4,TT Supermolot Neue Light
NameArray:0,Win,1,TT Supermolot Neue Light
NameArray:0,Win,16,TT Supermolot Neue
%EndFont

%BeginFont
Handler:DirectoryHandler
FontType:TrueType
FontName:TTSupermolotNeue-Light
FamilyName:TT Supermolot Neue
StyleName:Light
FullName:TT Supermolot Neue Light
MenuName:TT Supermolot Neue Light
StyleBits:2
WritingScript:Roman
OutlineFileName:S:\Comercial\Publicidade\Cardall\Logo_perfil\Identidade 2022\Font\TTSupermolotNeue-Light.ttf
DataFormat:sfntData
hasSVG:no
VariableFontType:NonVariableFont
FileLength:171708
FileModTime:1547163932
WeightClass:300
WidthClass:5
AngleClass:0
NameArray:0,Mac,4,TT Supermolot Neue Light
NameArray:0,Win,1,TT Supermolot Neue Light
NameArray:0,Win,16,TT Supermolot Neue
%EndFont

%BeginFont
Handler:DirectoryHandler
FontType:Type1
FontName:TTSupermolotNeue-LightItalic
FamilyName:TT Supermolot Neue
StyleName:Light Italic
FullName:TT Supermolot Neue Light Italic
MenuName:TT Supermolot Neue Light Italic
StyleBits:3
WritingScript:Roman
OutlineFileName:S:\Comercial\Publicidade\Cardall\Logo_perfil\Identidade 2022\Font\TTSupermolotNeue-LightItalic.otf
DataFormat:sfntData
UsesStandardEncoding:yes
isCFF:yes
hasSVG:no
VariableFontType:NonVariableFont
FileLength:76780
FileModTime:1547163914
WeightClass:300
WidthClass:5
AngleClass:0
NameArray:0,Mac,4,TT Supermolot Neue Light Italic
NameArray:0,Win,1,TT Supermolot Neue Light Italic
NameArray:0,Win,16,TT Supermolot Neue
%EndFont

%BeginFont
Handler:DirectoryHandler
FontType:TrueType
FontName:TTSupermolotNeue-LightItalic
FamilyName:TT Supermolot Neue
StyleName:Light Italic
FullName:TT Supermolot Neue Light Italic
MenuName:TT Supermolot Neue Light Italic
StyleBits:3
WritingScript:Roman
OutlineFileName:S:\Comercial\Publicidade\Cardall\Logo_perfil\Identidade 2022\Font\TTSupermolotNeue-LightItalic.ttf
DataFormat:sfntData
hasSVG:no
VariableFontType:NonVariableFont
FileLength:175784
FileModTime:1547163932
WeightClass:300
WidthClass:5
AngleClass:0
NameArray:0,Mac,4,TT Supermolot Neue Light Italic
NameArray:0,Win,1,TT Supermolot Neue Light Italic
NameArray:0,Win,16,TT Supermolot Neue
%EndFont

%BeginFont
Handler:DirectoryHandler
FontType:Type1
FontName:TTSupermolotNeue-Medium
FamilyName:TT Supermolot Neue
StyleName:Medium
FullName:TT Supermolot Neue Medium
MenuName:TT Supermolot Neue Medium
StyleBits:0
WritingScript:Roman
OutlineFileName:S:\Comercial\Publicidade\Cardall\Logo_perfil\Identidade 2022\Font\TTSupermolotNeue-Medium.otf
DataFormat:sfntData
UsesStandardEncoding:yes
isCFF:yes
hasSVG:no
VariableFontType:NonVariableFont
FileLength:74656
FileModTime:1547163914
WeightClass:500
WidthClass:5
AngleClass:0
NameArray:0,Mac,4,TT Supermolot Neue Medium
NameArray:0,Win,1,TT Supermolot Neue Medium
NameArray:0,Win,16,TT Supermolot Neue
%EndFont

%BeginFont
Handler:DirectoryHandler
FontType:TrueType
FontName:TTSupermolotNeue-Medium
FamilyName:TT Supermolot Neue
StyleName:Medium
FullName:TT Supermolot Neue Medium
MenuName:TT Supermolot Neue Medium
StyleBits:0
WritingScript:Roman
OutlineFileName:S:\Comercial\Publicidade\Cardall\Logo_perfil\Identidade 2022\Font\TTSupermolotNeue-Medium.ttf
DataFormat:sfntData
hasSVG:no
VariableFontType:NonVariableFont
FileLength:184768
FileModTime:1547163932
WeightClass:500
WidthClass:5
AngleClass:0
NameArray:0,Mac,4,TT Supermolot Neue Medium
NameArray:0,Win,1,TT Supermolot Neue Medium
NameArray:0,Win,16,TT Supermolot Neue
%EndFont

%BeginFont
Handler:DirectoryHandler
FontType:Type1
FontName:TTSupermolotNeue-MediumItalic
FamilyName:TT Supermolot Neue
StyleName:Medium Italic
FullName:TT Supermolot Neue Med Ita
MenuName:TT Supermolot Neue Medium Ita
StyleBits:1
WritingScript:Roman
OutlineFileName:S:\Comercial\Publicidade\Cardall\Logo_perfil\Identidade 2022\Font\TTSupermolotNeue-MediumItalic.otf
DataFormat:sfntData
UsesStandardEncoding:yes
isCFF:yes
hasSVG:no
VariableFontType:NonVariableFont
FileLength:78944
FileModTime:1547163914
WeightClass:500
WidthClass:5
AngleClass:0
NameArray:0,Mac,4,TT Supermolot Neue Med Ita
NameArray:0,Win,1,TT Supermolot Neue Medium Ita
NameArray:0,Win,16,TT Supermolot Neue
%EndFont

%BeginFont
Handler:DirectoryHandler
FontType:TrueType
FontName:TTSupermolotNeue-MediumItalic
FamilyName:TT Supermolot Neue
StyleName:Medium Italic
FullName:TT Supermolot Neue Med Ita
MenuName:TT Supermolot Neue Medium Ita
StyleBits:1
WritingScript:Roman
OutlineFileName:S:\Comercial\Publicidade\Cardall\Logo_perfil\Identidade 2022\Font\TTSupermolotNeue-MediumItalic.ttf
DataFormat:sfntData
hasSVG:no
VariableFontType:NonVariableFont
FileLength:190504
FileModTime:1547163932
WeightClass:500
WidthClass:5
AngleClass:0
NameArray:0,Mac,4,TT Supermolot Neue Med Ita
NameArray:0,Win,1,TT Supermolot Neue Medium Ita
NameArray:0,Win,16,TT Supermolot Neue
%EndFont

%BeginFont
Handler:DirectoryHandler
FontType:Type1
FontName:TTSupermolotNeue-Regular
FamilyName:TT Supermolot Neue
StyleName:Regular
FullName:TT Supermolot Neue Regular
MenuName:TT Supermolot Neue
StyleBits:0
WritingScript:Roman
OutlineFileName:S:\Comercial\Publicidade\Cardall\Logo_perfil\Identidade 2022\Font\TTSupermolotNeue-Regular.otf
DataFormat:sfntData
UsesStandardEncoding:yes
isCFF:yes
hasSVG:no
VariableFontType:NonVariableFont
FileLength:75016
FileModTime:1547163914
WeightClass:400
WidthClass:5
AngleClass:0
NameArray:0,Mac,4,TT Supermolot Neue Regular
NameArray:0,Win,1,TT Supermolot Neue
%EndFont

%BeginFont
Handler:DirectoryHandler
FontType:TrueType
FontName:TTSupermolotNeue-Regular
FamilyName:TT Supermolot Neue
StyleName:Regular
FullName:TT Supermolot Neue Regular
MenuName:TT Supermolot Neue
StyleBits:0
WritingScript:Roman
OutlineFileName:S:\Comercial\Publicidade\Cardall\Logo_perfil\Identidade 2022\Font\TTSupermolotNeue-Regular.ttf
DataFormat:sfntData
hasSVG:no
VariableFontType:NonVariableFont
FileLength:171048
FileModTime:1547163932
WeightClass:400
WidthClass:5
AngleClass:0
NameArray:0,Mac,4,TT Supermolot Neue Regular
NameArray:0,Win,1,TT Supermolot Neue
%EndFont

%BeginFont
Handler:DirectoryHandler
FontType:Type1
FontName:TTSupermolotNeue-Thin
FamilyName:TT Supermolot Neue
StyleName:Thin
FullName:TT Supermolot Neue Thin
MenuName:TT Supermolot Neue Thin
StyleBits:0
WritingScript:Roman
OutlineFileName:S:\Comercial\Publicidade\Cardall\Logo_perfil\Identidade 2022\Font\TTSupermolotNeue-Thin.otf
DataFormat:sfntData
UsesStandardEncoding:yes
isCFF:yes
hasSVG:no
VariableFontType:NonVariableFont
FileLength:72040
FileModTime:1547163912
WeightClass:265
WidthClass:5
AngleClass:0
NameArray:0,Mac,4,TT Supermolot Neue Thin
NameArray:0,Win,1,TT Supermolot Neue Thin
NameArray:0,Win,16,TT Supermolot Neue
%EndFont

%BeginFont
Handler:DirectoryHandler
FontType:TrueType
FontName:TTSupermolotNeue-Thin
FamilyName:TT Supermolot Neue
StyleName:Thin
FullName:TT Supermolot Neue Thin
MenuName:TT Supermolot Neue Thin
StyleBits:0
WritingScript:Roman
OutlineFileName:S:\Comercial\Publicidade\Cardall\Logo_perfil\Identidade 2022\Font\TTSupermolotNeue-Thin.ttf
DataFormat:sfntData
hasSVG:no
VariableFontType:NonVariableFont
FileLength:172640
FileModTime:1547163932
WeightClass:200
WidthClass:5
AngleClass:0
NameArray:0,Mac,4,TT Supermolot Neue Thin
NameArray:0,Win,1,TT Supermolot Neue Thin
NameArray:0,Win,16,TT Supermolot Neue
%EndFont

%BeginFont
Handler:DirectoryHandler
FontType:Type1
FontName:TTSupermolotNeue-ThinItalic
FamilyName:TT Supermolot Neue
StyleName:Thin Italic
FullName:TT Supermolot Neue Thin Italic
MenuName:TT Supermolot Neue Thin Italic
StyleBits:1
WritingScript:Roman
OutlineFileName:S:\Comercial\Publicidade\Cardall\Logo_perfil\Identidade 2022\Font\TTSupermolotNeue-ThinItalic.otf
DataFormat:sfntData
UsesStandardEncoding:yes
isCFF:yes
hasSVG:no
VariableFontType:NonVariableFont
FileLength:76268
FileModTime:1547163912
WeightClass:265
WidthClass:5
AngleClass:0
NameArray:0,Mac,4,TT Supermolot Neue Thin Italic
NameArray:0,Win,1,TT Supermolot Neue Thin Italic
NameArray:0,Win,16,TT Supermolot Neue
%EndFont

%BeginFont
Handler:DirectoryHandler
FontType:TrueType
FontName:TTSupermolotNeue-ThinItalic
FamilyName:TT Supermolot Neue
StyleName:Thin Italic
FullName:TT Supermolot Neue Thin Italic
MenuName:TT Supermolot Neue Thin Italic
StyleBits:1
WritingScript:Roman
OutlineFileName:S:\Comercial\Publicidade\Cardall\Logo_perfil\Identidade 2022\Font\TTSupermolotNeue-ThinItalic.ttf
DataFormat:sfntData
hasSVG:no
VariableFontType:NonVariableFont
FileLength:176524
FileModTime:1547163932
WeightClass:200
WidthClass:5
AngleClass:0
NameArray:0,Mac,4,TT Supermolot Neue Thin Italic
NameArray:0,Win,1,TT Supermolot Neue Thin Italic
NameArray:0,Win,16,TT Supermolot Neue
%EndFont

%BeginFont
Handler:DirectoryHandler
FontType:Type1
FontName:TTSupermolotNeueCondensed-Bd
FamilyName:TT Supermolot Neue Condensed
StyleName:Bold
FullName:TT Supermolot Neue Condensed Bd
MenuName:TT Supermolot Neue Cond Bold
StyleBits:2
WritingScript:Roman
OutlineFileName:S:\Comercial\Publicidade\Cardall\Logo_perfil\Identidade 2022\Font\TTSupermolotNeueCondensed-Bd.otf
DataFormat:sfntData
UsesStandardEncoding:yes
isCFF:yes
hasSVG:no
VariableFontType:NonVariableFont
FileLength:75536
FileModTime:1547163922
WeightClass:700
WidthClass:3
AngleClass:0
NameArray:0,Mac,4,TT Supermolot Neue Condensed Bd
NameArray:0,Win,1,TT Supermolot Neue Cond Bold
NameArray:0,Win,16,TT Supermolot Neue Condensed
%EndFont

%BeginFont
Handler:DirectoryHandler
FontType:Type1
FontName:TTSupermolotNeueCondensed-BdI
FamilyName:TT Supermolot Neue Condensed
StyleName:Bold Italic
FullName:TT Supermolot Neue Condensed Bd
MenuName:TT Supermolot Neue Cond Bold It
StyleBits:3
WritingScript:Roman
OutlineFileName:S:\Comercial\Publicidade\Cardall\Logo_perfil\Identidade 2022\Font\TTSupermolotNeueCondensed-BdI.otf
DataFormat:sfntData
UsesStandardEncoding:yes
isCFF:yes
hasSVG:no
VariableFontType:NonVariableFont
FileLength:77608
FileModTime:1547163922
WeightClass:700
WidthClass:3
AngleClass:0
NameArray:0,Mac,4,TT Supermolot Neue Condensed Bd
NameArray:0,Win,1,TT Supermolot Neue Cond Bold It
NameArray:0,Win,16,TT Supermolot Neue Condensed
%EndFont

%BeginFont
Handler:DirectoryHandler
FontType:TrueType
FontName:TTSupermolotNeueCondensed-BdI
FamilyName:TT Supermolot Neue Condensed
StyleName:Bold Italic
FullName:TT Supermolot Neue Condensed Bd
MenuName:TT Supermolot Neue Cond Bold It
StyleBits:3
WritingScript:Roman
OutlineFileName:S:\Comercial\Publicidade\Cardall\Logo_perfil\Identidade 2022\Font\TTSupermolotNeueCondensed-BdI.ttf
DataFormat:sfntData
hasSVG:no
VariableFontType:NonVariableFont
FileLength:177736
FileModTime:1547163934
WeightClass:700
WidthClass:3
AngleClass:0
NameArray:0,Mac,4,TT Supermolot Neue Condensed Bd
NameArray:0,Win,1,TT Supermolot Neue Cond Bold It
NameArray:0,Win,16,TT Supermolot Neue Condensed
%EndFont

%BeginFont
Handler:DirectoryHandler
FontType:Type1
FontName:TTSupermolotNeueCondensed-BlI
FamilyName:TT Supermolot Neue Condensed
StyleName:Black Italic
FullName:TT Supermolot Neue Condensed Bl
MenuName:TT Supermolot Neue Cond BlackIt
StyleBits:3
WritingScript:Roman
OutlineFileName:S:\Comercial\Publicidade\Cardall\Logo_perfil\Identidade 2022\Font\TTSupermolotNeueCondensed-BlI.otf
DataFormat:sfntData
UsesStandardEncoding:yes
isCFF:yes
hasSVG:no
VariableFontType:NonVariableFont
FileLength:73652
FileModTime:1547163924
WeightClass:900
WidthClass:3
AngleClass:0
NameArray:0,Mac,4,TT Supermolot Neue Condensed Bl
NameArray:0,Win,1,TT Supermolot Neue Cond BlackIt
NameArray:0,Win,16,TT Supermolot Neue Condensed
%EndFont

%BeginFont
Handler:DirectoryHandler
FontType:Type1
FontName:TTSupermolotNeueCondensed-Blk
FamilyName:TT Supermolot Neue Condensed
StyleName:Black
FullName:TT Supermolot Neue Condensed Bl
MenuName:TT Supermolot Neue Cond Black
StyleBits:2
WritingScript:Roman
OutlineFileName:S:\Comercial\Publicidade\Cardall\Logo_perfil\Identidade 2022\Font\TTSupermolotNeueCondensed-Blk.otf
DataFormat:sfntData
UsesStandardEncoding:yes
isCFF:yes
hasSVG:no
VariableFontType:NonVariableFont
FileLength:73032
FileModTime:1547163922
WeightClass:900
WidthClass:3
AngleClass:0
NameArray:0,Mac,4,TT Supermolot Neue Condensed Bl
NameArray:0,Win,1,TT Supermolot Neue Cond Black
NameArray:0,Win,16,TT Supermolot Neue Condensed
%EndFont

%BeginFont
Handler:DirectoryHandler
FontType:TrueType
FontName:TTSupermolotNeueCondensed-Blk
FamilyName:TT Supermolot Neue Condensed
StyleName:Black
FullName:TT Supermolot Neue Condensed Bl
MenuName:TT Supermolot Neue Cond Black
StyleBits:2
WritingScript:Roman
OutlineFileName:S:\Comercial\Publicidade\Cardall\Logo_perfil\Identidade 2022\Font\TTSupermolotNeueCondensed-Blk.ttf
DataFormat:sfntData
hasSVG:no
VariableFontType:NonVariableFont
FileLength:173160
FileModTime:1547163934
WeightClass:900
WidthClass:3
AngleClass:0
NameArray:0,Mac,4,TT Supermolot Neue Condensed Bl
NameArray:0,Win,1,TT Supermolot Neue Cond Black
NameArray:0,Win,16,TT Supermolot Neue Condensed
%EndFont

%BeginFont
Handler:DirectoryHandler
FontType:Type1
FontName:TTSupermolotNeueCondensed-Dm
FamilyName:TT Supermolot Neue Condensed
StyleName:DemiBold
FullName:TT Supermolot Neue Condensed Dm
MenuName:TT Supermolot Neue Cond DemiBld
StyleBits:2
WritingScript:Roman
OutlineFileName:S:\Comercial\Publicidade\Cardall\Logo_perfil\Identidade 2022\Font\TTSupermolotNeueCondensed-Dm.otf
DataFormat:sfntData
UsesStandardEncoding:yes
isCFF:yes
hasSVG:no
VariableFontType:NonVariableFont
FileLength:75852
FileModTime:1547163920
WeightClass:600
WidthClass:3
AngleClass:0
NameArray:0,Mac,4,TT Supermolot Neue Condensed Dm
NameArray:0,Win,1,TT Supermolot Neue Cond DemiBld
NameArray:0,Win,16,TT Supermolot Neue Condensed
%EndFont

%BeginFont
Handler:DirectoryHandler
FontType:Type1
FontName:TTSupermolotNeueCondensed-DmI
FamilyName:TT Supermolot Neue Condensed
StyleName:DemiBold Italic
FullName:TT Supermolot Neue Condensed Dm
MenuName:TT Supermolot Neue Cond DmBldit
StyleBits:3
WritingScript:Roman
OutlineFileName:S:\Comercial\Publicidade\Cardall\Logo_perfil\Identidade 2022\Font\TTSupermolotNeueCondensed-DmI.otf
DataFormat:sfntData
UsesStandardEncoding:yes
isCFF:yes
hasSVG:no
VariableFontType:NonVariableFont
FileLength:78196
FileModTime:1547163922
WeightClass:600
WidthClass:3
AngleClass:0
NameArray:0,Mac,4,TT Supermolot Neue Condensed Dm
NameArray:0,Win,1,TT Supermolot Neue Cond DmBldit
NameArray:0,Win,16,TT Supermolot Neue Condensed
%EndFont

%BeginFont
Handler:DirectoryHandler
FontType:TrueType
FontName:TTSupermolotNeueCondensed-DmI
FamilyName:TT Supermolot Neue Condensed
StyleName:DemiBold Italic
FullName:TT Supermolot Neue Condensed Dm
MenuName:TT Supermolot Neue Cond DmBldit
StyleBits:3
WritingScript:Roman
OutlineFileName:S:\Comercial\Publicidade\Cardall\Logo_perfil\Identidade 2022\Font\TTSupermolotNeueCondensed-DmI.ttf
DataFormat:sfntData
hasSVG:no
VariableFontType:NonVariableFont
FileLength:175980
FileModTime:1547163934
WeightClass:600
WidthClass:3
AngleClass:0
NameArray:0,Mac,4,TT Supermolot Neue Condensed Dm
NameArray:0,Win,1,TT Supermolot Neue Cond DmBldit
NameArray:0,Win,16,TT Supermolot Neue Condensed
%EndFont

%BeginFont
Handler:DirectoryHandler
FontType:Type1
FontName:TTSupermolotNeueCondensed-ExB
FamilyName:TT Supermolot Neue Condensed
StyleName:ExtraBold
FullName:TT Supermolot Neue Condensed Ex
MenuName:TT Supermolot Neue Cond ExtBold
StyleBits:2
WritingScript:Roman
OutlineFileName:S:\Comercial\Publicidade\Cardall\Logo_perfil\Identidade 2022\Font\TTSupermolotNeueCondensed-ExB1.otf
DataFormat:sfntData
UsesStandardEncoding:yes
isCFF:yes
hasSVG:no
VariableFontType:NonVariableFont
FileLength:75184
FileModTime:1547163922
WeightClass:800
WidthClass:3
AngleClass:0
NameArray:0,Mac,4,TT Supermolot Neue Condensed Ex
NameArray:0,Win,1,TT Supermolot Neue Cond ExtBold
NameArray:0,Win,16,TT Supermolot Neue Condensed
%EndFont

%BeginFont
Handler:DirectoryHandler
FontType:Type1
FontName:TTSupermolotNeueCondensed-ExL
FamilyName:TT Supermolot Neue Condensed
StyleName:ExtraLight Italic
FullName:TT Supermolot Neue Condensed Ex
MenuName:TT Supermolot Neue Cond ExtLita
StyleBits:1
WritingScript:Roman
OutlineFileName:S:\Comercial\Publicidade\Cardall\Logo_perfil\Identidade 2022\Font\TTSupermolotNeueCondensed-ExL1.otf
DataFormat:sfntData
UsesStandardEncoding:yes
isCFF:yes
hasSVG:no
VariableFontType:NonVariableFont
FileLength:76772
FileModTime:1547163918
WeightClass:300
WidthClass:3
AngleClass:0
NameArray:0,Mac,4,TT Supermolot Neue Condensed Ex
NameArray:0,Win,1,TT Supermolot Neue Cond ExtLita
NameArray:0,Win,16,TT Supermolot Neue Condensed
%EndFont

%BeginFont
Handler:DirectoryHandler
FontType:TrueType
FontName:TTSupermolotNeueCondensed-ExL
FamilyName:TT Supermolot Neue Condensed
StyleName:ExtraLight Italic
FullName:TT Supermolot Neue Condensed Ex
MenuName:TT Supermolot Neue Cond ExtLita
StyleBits:1
WritingScript:Roman
OutlineFileName:S:\Comercial\Publicidade\Cardall\Logo_perfil\Identidade 2022\Font\TTSupermolotNeueCondensed-ExL1.ttf
DataFormat:sfntData
hasSVG:no
VariableFontType:NonVariableFont
FileLength:176172
FileModTime:1547163934
WeightClass:300
WidthClass:3
AngleClass:0
NameArray:0,Mac,4,TT Supermolot Neue Condensed Ex
NameArray:0,Win,1,TT Supermolot Neue Cond ExtLita
NameArray:0,Win,16,TT Supermolot Neue Condensed
%EndFont

%BeginFont
Handler:DirectoryHandler
FontType:Type1
FontName:TTSupermolotNeueCondensed-Ita
FamilyName:TT Supermolot Neue Condensed
StyleName:Italic
FullName:TT Supermolot Neue Condensed It
MenuName:TT Supermolot Neue Cond Italic
StyleBits:1
WritingScript:Roman
OutlineFileName:S:\Comercial\Publicidade\Cardall\Logo_perfil\Identidade 2022\Font\TTSupermolotNeueCondensed-Ita.otf
DataFormat:sfntData
UsesStandardEncoding:yes
isCFF:yes
hasSVG:no
VariableFontType:NonVariableFont
FileLength:76712
FileModTime:1547163920
WeightClass:400
WidthClass:3
AngleClass:0
NameArray:0,Mac,4,TT Supermolot Neue Condensed It
NameArray:0,Win,1,TT Supermolot Neue Cond Italic
NameArray:0,Win,16,TT Supermolot Neue Condensed
%EndFont

%BeginFont
Handler:DirectoryHandler
FontType:TrueType
FontName:TTSupermolotNeueCondensed-Ita
FamilyName:TT Supermolot Neue Condensed
StyleName:Italic
FullName:TT Supermolot Neue Condensed It
MenuName:TT Supermolot Neue Cond Italic
StyleBits:1
WritingScript:Roman
OutlineFileName:S:\Comercial\Publicidade\Cardall\Logo_perfil\Identidade 2022\Font\TTSupermolotNeueCondensed-Ita.ttf
DataFormat:sfntData
hasSVG:no
VariableFontType:NonVariableFont
FileLength:174664
FileModTime:1547163934
WeightClass:400
WidthClass:3
AngleClass:0
NameArray:0,Mac,4,TT Supermolot Neue Condensed It
NameArray:0,Win,1,TT Supermolot Neue Cond Italic
NameArray:0,Win,16,TT Supermolot Neue Condensed
%EndFont

%BeginFont
Handler:DirectoryHandler
FontType:Type1
FontName:TTSupermolotNeueCondensed-Lt
FamilyName:TT Supermolot Neue Condensed
StyleName:Light
FullName:TT Supermolot Neue Condensed Lt
MenuName:TT Supermolot Neue Cond Light
StyleBits:2
WritingScript:Roman
OutlineFileName:S:\Comercial\Publicidade\Cardall\Logo_perfil\Identidade 2022\Font\TTSupermolotNeueCondensed-Lt.otf
DataFormat:sfntData
UsesStandardEncoding:yes
isCFF:yes
hasSVG:no
VariableFontType:NonVariableFont
FileLength:73572
FileModTime:1547163918
WeightClass:300
WidthClass:3
AngleClass:0
NameArray:0,Mac,4,TT Supermolot Neue Condensed Lt
NameArray:0,Win,1,TT Supermolot Neue Cond Light
NameArray:0,Win,16,TT Supermolot Neue Condensed
%EndFont

%BeginFont
Handler:DirectoryHandler
FontType:Type1
FontName:TTSupermolotNeueCondensed-LtI
FamilyName:TT Supermolot Neue Condensed
StyleName:Light Italic
FullName:TT Supermolot Neue Condensed Lt
MenuName:TT Supermolot Neue Cond LightIt
StyleBits:3
WritingScript:Roman
OutlineFileName:S:\Comercial\Publicidade\Cardall\Logo_perfil\Identidade 2022\Font\TTSupermolotNeueCondensed-LtI.otf
DataFormat:sfntData
UsesStandardEncoding:yes
isCFF:yes
hasSVG:no
VariableFontType:NonVariableFont
FileLength:75904
FileModTime:1547163920
WeightClass:300
WidthClass:3
AngleClass:0
NameArray:0,Mac,4,TT Supermolot Neue Condensed Lt
NameArray:0,Win,1,TT Supermolot Neue Cond LightIt
NameArray:0,Win,16,TT Supermolot Neue Condensed
%EndFont

%BeginFont
Handler:DirectoryHandler
FontType:TrueType
FontName:TTSupermolotNeueCondensed-LtI
FamilyName:TT Supermolot Neue Condensed
StyleName:Light Italic
FullName:TT Supermolot Neue Condensed Lt
MenuName:TT Supermolot Neue Cond LightIt
StyleBits:3
WritingScript:Roman
OutlineFileName:S:\Comercial\Publicidade\Cardall\Logo_perfil\Identidade 2022\Font\TTSupermolotNeueCondensed-LtI.ttf
DataFormat:sfntData
hasSVG:no
VariableFontType:NonVariableFont
FileLength:174292
FileModTime:1547163934
WeightClass:300
WidthClass:3
AngleClass:0
NameArray:0,Mac,4,TT Supermolot Neue Condensed Lt
NameArray:0,Win,1,TT Supermolot Neue Cond LightIt
NameArray:0,Win,16,TT Supermolot Neue Condensed
%EndFont

%BeginFont
Handler:DirectoryHandler
FontType:Type1
FontName:TTSupermolotNeueCondensed-MdI
FamilyName:TT Supermolot Neue Condensed
StyleName:Medium Italic
FullName:TT Supermolot Neue Condensed Md
MenuName:TT Supermolot Neue Cond Med Ita
StyleBits:1
WritingScript:Roman
OutlineFileName:S:\Comercial\Publicidade\Cardall\Logo_perfil\Identidade 2022\Font\TTSupermolotNeueCondensed-MdI.otf
DataFormat:sfntData
UsesStandardEncoding:yes
isCFF:yes
hasSVG:no
VariableFontType:NonVariableFont
FileLength:77940
FileModTime:1547163920
WeightClass:500
WidthClass:3
AngleClass:0
NameArray:0,Mac,4,TT Supermolot Neue Condensed Md
NameArray:0,Win,1,TT Supermolot Neue Cond Med Ita
NameArray:0,Win,16,TT Supermolot Neue Condensed
%EndFont

%BeginFont
Handler:DirectoryHandler
FontType:Type1
FontName:TTSupermolotNeueCondensed-Med
FamilyName:TT Supermolot Neue Condensed
StyleName:Medium
FullName:TT Supermolot Neue Condensed Md
MenuName:TT Supermolot Neue Cond Medium
StyleBits:0
WritingScript:Roman
OutlineFileName:S:\Comercial\Publicidade\Cardall\Logo_perfil\Identidade 2022\Font\TTSupermolotNeueCondensed-Med.otf
DataFormat:sfntData
UsesStandardEncoding:yes
isCFF:yes
hasSVG:no
VariableFontType:NonVariableFont
FileLength:74564
FileModTime:1547163920
WeightClass:500
WidthClass:3
AngleClass:0
NameArray:0,Mac,4,TT Supermolot Neue Condensed Md
NameArray:0,Win,1,TT Supermolot Neue Cond Medium
NameArray:0,Win,16,TT Supermolot Neue Condensed
%EndFont

%BeginFont
Handler:DirectoryHandler
FontType:TrueType
FontName:TTSupermolotNeueCondensed-Med
FamilyName:TT Supermolot Neue Condensed
StyleName:Medium
FullName:TT Supermolot Neue Condensed Md
MenuName:TT Supermolot Neue Cond Medium
StyleBits:0
WritingScript:Roman
OutlineFileName:S:\Comercial\Publicidade\Cardall\Logo_perfil\Identidade 2022\Font\TTSupermolotNeueCondensed-Med.ttf
DataFormat:sfntData
hasSVG:no
VariableFontType:NonVariableFont
FileLength:179668
FileModTime:1547163934
WeightClass:500
WidthClass:3
AngleClass:0
NameArray:0,Mac,4,TT Supermolot Neue Condensed Md
NameArray:0,Win,1,TT Supermolot Neue Cond Medium
NameArray:0,Win,16,TT Supermolot Neue Condensed
%EndFont

%BeginFont
Handler:DirectoryHandler
FontType:Type1
FontName:TTSupermolotNeueCondensed-Reg
FamilyName:TT Supermolot Neue Condensed
StyleName:Regular
FullName:TT Supermolot Neue Condensed Rg
MenuName:TT Supermolot Neue Condensed
StyleBits:0
WritingScript:Roman
OutlineFileName:S:\Comercial\Publicidade\Cardall\Logo_perfil\Identidade 2022\Font\TTSupermolotNeueCondensed-Reg.otf
DataFormat:sfntData
UsesStandardEncoding:yes
isCFF:yes
hasSVG:no
VariableFontType:NonVariableFont
FileLength:74524
FileModTime:1547163920
WeightClass:400
WidthClass:3
AngleClass:0
NameArray:0,Mac,4,TT Supermolot Neue Condensed Rg
NameArray:0,Win,1,TT Supermolot Neue Condensed
%EndFont

%BeginFont
Handler:DirectoryHandler
FontType:TrueType
FontName:TTSupermolotNeueCondensed-Reg
FamilyName:TT Supermolot Neue Condensed
StyleName:Regular
FullName:TT Supermolot Neue Condensed Rg
MenuName:TT Supermolot Neue Condensed
StyleBits:0
WritingScript:Roman
OutlineFileName:S:\Comercial\Publicidade\Cardall\Logo_perfil\Identidade 2022\Font\TTSupermolotNeueCondensed-Reg.ttf
DataFormat:sfntData
hasSVG:no
VariableFontType:NonVariableFont
FileLength:168728
FileModTime:1547163934
WeightClass:400
WidthClass:3
AngleClass:0
NameArray:0,Mac,4,TT Supermolot Neue Condensed Rg
NameArray:0,Win,1,TT Supermolot Neue Condensed
%EndFont

%BeginFont
Handler:DirectoryHandler
FontType:Type1
FontName:TTSupermolotNeueCondensed-Th
FamilyName:TT Supermolot Neue Condensed
StyleName:Thin
FullName:TT Supermolot Neue Condensed Th
MenuName:TT Supermolot Neue Cond Thin
StyleBits:0
WritingScript:Roman
OutlineFileName:S:\Comercial\Publicidade\Cardall\Logo_perfil\Identidade 2022\Font\TTSupermolotNeueCondensed-Th.otf
DataFormat:sfntData
UsesStandardEncoding:yes
isCFF:yes
hasSVG:no
VariableFontType:NonVariableFont
FileLength:72508
FileModTime:1547163918
WeightClass:265
WidthClass:3
AngleClass:0
NameArray:0,Mac,4,TT Supermolot Neue Condensed Th
NameArray:0,Win,1,TT Supermolot Neue Cond Thin
NameArray:0,Win,16,TT Supermolot Neue Condensed
%EndFont

%BeginFont
Handler:DirectoryHandler
FontType:Type1
FontName:TTSupermolotNeueCondensed-ThI
FamilyName:TT Supermolot Neue Condensed
StyleName:Thin Italic
FullName:TT Supermolot Neue Condensed Th
MenuName:TT Supermolot Neue Cond Thin It
StyleBits:1
WritingScript:Roman
OutlineFileName:S:\Comercial\Publicidade\Cardall\Logo_perfil\Identidade 2022\Font\TTSupermolotNeueCondensed-ThI.otf
DataFormat:sfntData
UsesStandardEncoding:yes
isCFF:yes
hasSVG:no
VariableFontType:NonVariableFont
FileLength:77608
FileModTime:1547163918
WeightClass:265
WidthClass:3
AngleClass:0
NameArray:0,Mac,4,TT Supermolot Neue Condensed Th
NameArray:0,Win,1,TT Supermolot Neue Cond Thin It
NameArray:0,Win,16,TT Supermolot Neue Condensed
%EndFont

%BeginFont
Handler:DirectoryHandler
FontType:TrueType
FontName:TTSupermolotNeueCondensed-ThI
FamilyName:TT Supermolot Neue Condensed
StyleName:Thin Italic
FullName:TT Supermolot Neue Condensed Th
MenuName:TT Supermolot Neue Cond Thin It
StyleBits:1
WritingScript:Roman
OutlineFileName:S:\Comercial\Publicidade\Cardall\Logo_perfil\Identidade 2022\Font\TTSupermolotNeueCondensed-ThI.ttf
DataFormat:sfntData
hasSVG:no
VariableFontType:NonVariableFont
FileLength:173004
FileModTime:1547163934
WeightClass:200
WidthClass:3
AngleClass:0
NameArray:0,Mac,4,TT Supermolot Neue Condensed Th
NameArray:0,Win,1,TT Supermolot Neue Cond Thin It
NameArray:0,Win,16,TT Supermolot Neue Condensed
%EndFont

%BeginFont
Handler:DirectoryHandler
FontType:Type1
FontName:TTSupermolotNeueExpanded-BdIt
FamilyName:TT Supermolot Neue Expanded
StyleName:Bold Italic
FullName:TT Supermolot Neue Expanded Bd 
MenuName:TT Supermolot Neue Exp Bold Ita
StyleBits:3
WritingScript:Roman
OutlineFileName:S:\Comercial\Publicidade\Cardall\Logo_perfil\Identidade 2022\Font\TTSupermolotNeueExpanded-BdIt.otf
DataFormat:sfntData
UsesStandardEncoding:yes
isCFF:yes
hasSVG:no
VariableFontType:NonVariableFont
FileLength:78724
FileModTime:1547163928
WeightClass:700
WidthClass:7
AngleClass:0
NameArray:0,Mac,4,TT Supermolot Neue Expanded Bd 
NameArray:0,Win,1,TT Supermolot Neue Exp Bold Ita
NameArray:0,Win,16,TT Supermolot Neue Expanded
%EndFont

%BeginFont
Handler:DirectoryHandler
FontType:TrueType
FontName:TTSupermolotNeueExpanded-BdIt
FamilyName:TT Supermolot Neue Expanded
StyleName:Bold Italic
FullName:TT Supermolot Neue Expanded Bd 
MenuName:TT Supermolot Neue Exp Bold Ita
StyleBits:3
WritingScript:Roman
OutlineFileName:S:\Comercial\Publicidade\Cardall\Logo_perfil\Identidade 2022\Font\TTSupermolotNeueExpanded-BdIt.ttf
DataFormat:sfntData
hasSVG:no
VariableFontType:NonVariableFont
FileLength:186472
FileModTime:1547163934
WeightClass:700
WidthClass:7
AngleClass:0
NameArray:0,Mac,4,TT Supermolot Neue Expanded Bd 
NameArray:0,Win,1,TT Supermolot Neue Exp Bold Ita
NameArray:0,Win,16,TT Supermolot Neue Expanded
%EndFont

%BeginFont
Handler:DirectoryHandler
FontType:Type1
FontName:TTSupermolotNeueExpanded-BlIt
FamilyName:TT Supermolot Neue Expanded
StyleName:Black Italic
FullName:TT Supermolot Neue Expanded Bl 
MenuName:TT Supermolot Neue Exp Black It
StyleBits:3
WritingScript:Roman
OutlineFileName:S:\Comercial\Publicidade\Cardall\Logo_perfil\Identidade 2022\Font\TTSupermolotNeueExpanded-BlIt.otf
DataFormat:sfntData
UsesStandardEncoding:yes
isCFF:yes
hasSVG:no
VariableFontType:NonVariableFont
FileLength:74488
FileModTime:1547163928
WeightClass:900
WidthClass:7
AngleClass:0
NameArray:0,Mac,4,TT Supermolot Neue Expanded Bl 
NameArray:0,Win,1,TT Supermolot Neue Exp Black It
NameArray:0,Win,16,TT Supermolot Neue Expanded
%EndFont

%BeginFont
Handler:DirectoryHandler
FontType:TrueType
FontName:TTSupermolotNeueExpanded-BlIt
FamilyName:TT Supermolot Neue Expanded
StyleName:Black Italic
FullName:TT Supermolot Neue Expanded Bl 
MenuName:TT Supermolot Neue Exp Black It
StyleBits:3
WritingScript:Roman
OutlineFileName:S:\Comercial\Publicidade\Cardall\Logo_perfil\Identidade 2022\Font\TTSupermolotNeueExpanded-BlIt.ttf
DataFormat:sfntData
hasSVG:no
VariableFontType:NonVariableFont
FileLength:175460
FileModTime:1547163936
WeightClass:900
WidthClass:7
AngleClass:0
NameArray:0,Mac,4,TT Supermolot Neue Expanded Bl 
NameArray:0,Win,1,TT Supermolot Neue Exp Black It
NameArray:0,Win,16,TT Supermolot Neue Expanded
%EndFont

%BeginFont
Handler:DirectoryHandler
FontType:Type1
FontName:TTSupermolotNeueExpanded-Blk
FamilyName:TT Supermolot Neue Expanded
StyleName:Black
FullName:TT Supermolot Neue Expanded Blk
MenuName:TT Supermolot Neue Exp Black
StyleBits:2
WritingScript:Roman
OutlineFileName:S:\Comercial\Publicidade\Cardall\Logo_perfil\Identidade 2022\Font\TTSupermolotNeueExpanded-Blk.otf
DataFormat:sfntData
UsesStandardEncoding:yes
isCFF:yes
hasSVG:no
VariableFontType:NonVariableFont
FileLength:69788
FileModTime:1547163928
WeightClass:900
WidthClass:7
AngleClass:0
NameArray:0,Mac,4,TT Supermolot Neue Expanded Blk
NameArray:0,Win,1,TT Supermolot Neue Exp Black
NameArray:0,Win,16,TT Supermolot Neue Expanded
%EndFont

%BeginFont
Handler:DirectoryHandler
FontType:TrueType
FontName:TTSupermolotNeueExpanded-Blk
FamilyName:TT Supermolot Neue Expanded
StyleName:Black
FullName:TT Supermolot Neue Expanded Blk
MenuName:TT Supermolot Neue Exp Black
StyleBits:2
WritingScript:Roman
OutlineFileName:S:\Comercial\Publicidade\Cardall\Logo_perfil\Identidade 2022\Font\TTSupermolotNeueExpanded-Blk.ttf
DataFormat:sfntData
hasSVG:no
VariableFontType:NonVariableFont
FileLength:171764
FileModTime:1547163936
WeightClass:900
WidthClass:7
AngleClass:0
NameArray:0,Mac,4,TT Supermolot Neue Expanded Blk
NameArray:0,Win,1,TT Supermolot Neue Exp Black
NameArray:0,Win,16,TT Supermolot Neue Expanded
%EndFont

%BeginFont
Handler:DirectoryHandler
FontType:Type1
FontName:TTSupermolotNeueExpanded-Bold
FamilyName:TT Supermolot Neue Expanded
StyleName:Bold
FullName:TT Supermolot Neue Expanded Bd
MenuName:TT Supermolot Neue Exp Bold
StyleBits:2
WritingScript:Roman
OutlineFileName:S:\Comercial\Publicidade\Cardall\Logo_perfil\Identidade 2022\Font\TTSupermolotNeueExpanded-Bold.otf
DataFormat:sfntData
UsesStandardEncoding:yes
isCFF:yes
hasSVG:no
VariableFontType:NonVariableFont
FileLength:75468
FileModTime:1547163928
WeightClass:700
WidthClass:7
AngleClass:0
NameArray:0,Mac,4,TT Supermolot Neue Expanded Bd
NameArray:0,Win,1,TT Supermolot Neue Exp Bold
NameArray:0,Win,16,TT Supermolot Neue Expanded
%EndFont

%BeginFont
Handler:DirectoryHandler
FontType:TrueType
FontName:TTSupermolotNeueExpanded-Bold
FamilyName:TT Supermolot Neue Expanded
StyleName:Bold
FullName:TT Supermolot Neue Expanded Bd
MenuName:TT Supermolot Neue Exp Bold
StyleBits:2
WritingScript:Roman
OutlineFileName:S:\Comercial\Publicidade\Cardall\Logo_perfil\Identidade 2022\Font\TTSupermolotNeueExpanded-Bold.ttf
DataFormat:sfntData
hasSVG:no
VariableFontType:NonVariableFont
FileLength:174652
FileModTime:1547163934
WeightClass:700
WidthClass:7
AngleClass:0
NameArray:0,Mac,4,TT Supermolot Neue Expanded Bd
NameArray:0,Win,1,TT Supermolot Neue Exp Bold
NameArray:0,Win,16,TT Supermolot Neue Expanded
%EndFont

%BeginFont
Handler:DirectoryHandler
FontType:Type1
FontName:TTSupermolotNeueExpanded-DmBd
FamilyName:TT Supermolot Neue Expanded
StyleName:DemiBold
FullName:TT Supermolot Neue Expanded Dm
MenuName:TT Supermolot Neue Exp DemiBold
StyleBits:2
WritingScript:Roman
OutlineFileName:S:\Comercial\Publicidade\Cardall\Logo_perfil\Identidade 2022\Font\TTSupermolotNeueExpanded-DmBd.otf
DataFormat:sfntData
UsesStandardEncoding:yes
isCFF:yes
hasSVG:no
VariableFontType:NonVariableFont
FileLength:76116
FileModTime:1547163926
WeightClass:600
WidthClass:7
AngleClass:0
NameArray:0,Mac,4,TT Supermolot Neue Expanded Dm
NameArray:0,Win,1,TT Supermolot Neue Exp DemiBold
NameArray:0,Win,16,TT Supermolot Neue Expanded
%EndFont

%BeginFont
Handler:DirectoryHandler
FontType:TrueType
FontName:TTSupermolotNeueExpanded-DmBd
FamilyName:TT Supermolot Neue Expanded
StyleName:DemiBold
FullName:TT Supermolot Neue Expanded Dm
MenuName:TT Supermolot Neue Exp DemiBold
StyleBits:2
WritingScript:Roman
OutlineFileName:S:\Comercial\Publicidade\Cardall\Logo_perfil\Identidade 2022\Font\TTSupermolotNeueExpanded-DmBd.ttf
DataFormat:sfntData
hasSVG:no
VariableFontType:NonVariableFont
FileLength:174732
FileModTime:1547163934
WeightClass:600
WidthClass:7
AngleClass:0
NameArray:0,Mac,4,TT Supermolot Neue Expanded Dm
NameArray:0,Win,1,TT Supermolot Neue Exp DemiBold
NameArray:0,Win,16,TT Supermolot Neue Expanded
%EndFont

%BeginFont
Handler:DirectoryHandler
FontType:Type1
FontName:TTSupermolotNeueExpanded-DmIt
FamilyName:TT Supermolot Neue Expanded
StyleName:DemiBold Italic
FullName:TT Supermolot Neue Expanded Dm 
MenuName:Supermolot Neue Exp DemBoldIta
StyleBits:3
WritingScript:Roman
OutlineFileName:S:\Comercial\Publicidade\Cardall\Logo_perfil\Identidade 2022\Font\TTSupermolotNeueExpanded-DmIt.otf
DataFormat:sfntData
UsesStandardEncoding:yes
isCFF:yes
hasSVG:no
VariableFontType:NonVariableFont
FileLength:79680
FileModTime:1547163926
WeightClass:600
WidthClass:7
AngleClass:0
NameArray:0,Mac,4,TT Supermolot Neue Expanded Dm 
NameArray:0,Win,1,Supermolot Neue Exp DemBoldIta
NameArray:0,Win,16,TT Supermolot Neue Expanded
%EndFont

%BeginFont
Handler:DirectoryHandler
FontType:TrueType
FontName:TTSupermolotNeueExpanded-DmIt
FamilyName:TT Supermolot Neue Expanded
StyleName:DemiBold Italic
FullName:TT Supermolot Neue Expanded Dm 
MenuName:Supermolot Neue Exp DemBoldIta
StyleBits:3
WritingScript:Roman
OutlineFileName:S:\Comercial\Publicidade\Cardall\Logo_perfil\Identidade 2022\Font\TTSupermolotNeueExpanded-DmIt.ttf
DataFormat:sfntData
hasSVG:no
VariableFontType:NonVariableFont
FileLength:179396
FileModTime:1547163934
WeightClass:600
WidthClass:7
AngleClass:0
NameArray:0,Mac,4,TT Supermolot Neue Expanded Dm 
NameArray:0,Win,1,Supermolot Neue Exp DemBoldIta
NameArray:0,Win,16,TT Supermolot Neue Expanded
%EndFont

%BeginFont
Handler:DirectoryHandler
FontType:Type1
FontName:TTSupermolotNeueExpanded-ExBd
FamilyName:TT Supermolot Neue Expanded
StyleName:ExtraBold
FullName:TT Supermolot Neue Expanded ExB
MenuName:TT Supermolot Neue Exp ExtBold
StyleBits:2
WritingScript:Roman
OutlineFileName:S:\Comercial\Publicidade\Cardall\Logo_perfil\Identidade 2022\Font\TTSupermolotNeueExpanded-ExBd1.otf
DataFormat:sfntData
UsesStandardEncoding:yes
isCFF:yes
hasSVG:no
VariableFontType:NonVariableFont
FileLength:73144
FileModTime:1547163928
WeightClass:800
WidthClass:7
AngleClass:0
NameArray:0,Mac,4,TT Supermolot Neue Expanded ExB
NameArray:0,Win,1,TT Supermolot Neue Exp ExtBold
NameArray:0,Win,16,TT Supermolot Neue Expanded
%EndFont

%BeginFont
Handler:DirectoryHandler
FontType:TrueType
FontName:TTSupermolotNeueExpanded-ExBd
FamilyName:TT Supermolot Neue Expanded
StyleName:ExtraBold
FullName:TT Supermolot Neue Expanded ExB
MenuName:TT Supermolot Neue Exp ExtBold
StyleBits:2
WritingScript:Roman
OutlineFileName:S:\Comercial\Publicidade\Cardall\Logo_perfil\Identidade 2022\Font\TTSupermolotNeueExpanded-ExBd1.ttf
DataFormat:sfntData
hasSVG:no
VariableFontType:NonVariableFont
FileLength:174268
FileModTime:1547163936
WeightClass:800
WidthClass:7
AngleClass:0
NameArray:0,Mac,4,TT Supermolot Neue Expanded ExB
NameArray:0,Win,1,TT Supermolot Neue Exp ExtBold
NameArray:0,Win,16,TT Supermolot Neue Expanded
%EndFont

%BeginFont
Handler:DirectoryHandler
FontType:Type1
FontName:TTSupermolotNeueExpanded-ExLt
FamilyName:TT Supermolot Neue Expanded
StyleName:ExtraLight
FullName:TT Supermolot Neue Expanded ExL
MenuName:TT Supermolot Neue Exp ExtLight
StyleBits:0
WritingScript:Roman
OutlineFileName:S:\Comercial\Publicidade\Cardall\Logo_perfil\Identidade 2022\Font\TTSupermolotNeueExpanded-ExLt1.otf
DataFormat:sfntData
UsesStandardEncoding:yes
isCFF:yes
hasSVG:no
VariableFontType:NonVariableFont
FileLength:72372
FileModTime:1547163924
WeightClass:300
WidthClass:7
AngleClass:0
NameArray:0,Mac,4,TT Supermolot Neue Expanded ExL
NameArray:0,Win,1,TT Supermolot Neue Exp ExtLight
NameArray:0,Win,16,TT Supermolot Neue Expanded
%EndFont

%BeginFont
Handler:DirectoryHandler
FontType:TrueType
FontName:TTSupermolotNeueExpanded-ExLt
FamilyName:TT Supermolot Neue Expanded
StyleName:ExtraLight
FullName:TT Supermolot Neue Expanded ExL
MenuName:TT Supermolot Neue Exp ExtLight
StyleBits:0
WritingScript:Roman
OutlineFileName:S:\Comercial\Publicidade\Cardall\Logo_perfil\Identidade 2022\Font\TTSupermolotNeueExpanded-ExLt1.ttf
DataFormat:sfntData
hasSVG:no
VariableFontType:NonVariableFont
FileLength:177508
FileModTime:1547163934
WeightClass:300
WidthClass:7
AngleClass:0
NameArray:0,Mac,4,TT Supermolot Neue Expanded ExL
NameArray:0,Win,1,TT Supermolot Neue Exp ExtLight
NameArray:0,Win,16,TT Supermolot Neue Expanded
%EndFont

%BeginFont
Handler:DirectoryHandler
FontType:Type1
FontName:TTSupermolotNeueExpanded-Ita
FamilyName:TT Supermolot Neue Expanded
StyleName:Italic
FullName:TT Supermolot Neue Expanded Ita
MenuName:TT Supermolot Neue Exp Italic
StyleBits:1
WritingScript:Roman
OutlineFileName:S:\Comercial\Publicidade\Cardall\Logo_perfil\Identidade 2022\Font\TTSupermolotNeueExpanded-Ita.otf
DataFormat:sfntData
UsesStandardEncoding:yes
isCFF:yes
hasSVG:no
VariableFontType:NonVariableFont
FileLength:78824
FileModTime:1547163926
WeightClass:400
WidthClass:7
AngleClass:0
NameArray:0,Mac,4,TT Supermolot Neue Expanded Ita
NameArray:0,Win,1,TT Supermolot Neue Exp Italic
NameArray:0,Win,16,TT Supermolot Neue Expanded
%EndFont

%BeginFont
Handler:DirectoryHandler
FontType:TrueType
FontName:TTSupermolotNeueExpanded-Ita
FamilyName:TT Supermolot Neue Expanded
StyleName:Italic
FullName:TT Supermolot Neue Expanded Ita
MenuName:TT Supermolot Neue Exp Italic
StyleBits:1
WritingScript:Roman
OutlineFileName:S:\Comercial\Publicidade\Cardall\Logo_perfil\Identidade 2022\Font\TTSupermolotNeueExpanded-Ita.ttf
DataFormat:sfntData
hasSVG:no
VariableFontType:NonVariableFont
FileLength:178072
FileModTime:1547163934
WeightClass:400
WidthClass:7
AngleClass:0
NameArray:0,Mac,4,TT Supermolot Neue Expanded Ita
NameArray:0,Win,1,TT Supermolot Neue Exp Italic
NameArray:0,Win,16,TT Supermolot Neue Expanded
%EndFont

%BeginFont
Handler:DirectoryHandler
FontType:Type1
FontName:TTSupermolotNeueExpanded-Lt
FamilyName:TT Supermolot Neue Expanded
StyleName:Light
FullName:TT Supermolot Neue Expanded Lt
MenuName:TT Supermolot Neue Exp Light
StyleBits:2
WritingScript:Roman
OutlineFileName:S:\Comercial\Publicidade\Cardall\Logo_perfil\Identidade 2022\Font\TTSupermolotNeueExpanded-Lt.otf
DataFormat:sfntData
UsesStandardEncoding:yes
isCFF:yes
hasSVG:no
VariableFontType:NonVariableFont
FileLength:73660
FileModTime:1547163924
WeightClass:300
WidthClass:7
AngleClass:0
NameArray:0,Mac,4,TT Supermolot Neue Expanded Lt
NameArray:0,Win,1,TT Supermolot Neue Exp Light
NameArray:0,Win,16,TT Supermolot Neue Expanded
%EndFont

%BeginFont
Handler:DirectoryHandler
FontType:TrueType
FontName:TTSupermolotNeueExpanded-Lt
FamilyName:TT Supermolot Neue Expanded
StyleName:Light
FullName:TT Supermolot Neue Expanded Lt
MenuName:TT Supermolot Neue Exp Light
StyleBits:2
WritingScript:Roman
OutlineFileName:S:\Comercial\Publicidade\Cardall\Logo_perfil\Identidade 2022\Font\TTSupermolotNeueExpanded-Lt.ttf
DataFormat:sfntData
hasSVG:no
VariableFontType:NonVariableFont
FileLength:173176
FileModTime:1547163934
WeightClass:300
WidthClass:7
AngleClass:0
NameArray:0,Mac,4,TT Supermolot Neue Expanded Lt
NameArray:0,Win,1,TT Supermolot Neue Exp Light
NameArray:0,Win,16,TT Supermolot Neue Expanded
%EndFont

%BeginFont
Handler:DirectoryHandler
FontType:Type1
FontName:TTSupermolotNeueExpanded-LtIt
FamilyName:TT Supermolot Neue Expanded
StyleName:Light Italic
FullName:TT Supermolot Neue Expanded Lt 
MenuName:TT Supermolot Neue Exp Light It
StyleBits:3
WritingScript:Roman
OutlineFileName:S:\Comercial\Publicidade\Cardall\Logo_perfil\Identidade 2022\Font\TTSupermolotNeueExpanded-LtIt.otf
DataFormat:sfntData
UsesStandardEncoding:yes
isCFF:yes
hasSVG:no
VariableFontType:NonVariableFont
FileLength:77456
FileModTime:1547163926
WeightClass:300
WidthClass:7
AngleClass:0
NameArray:0,Mac,4,TT Supermolot Neue Expanded Lt 
NameArray:0,Win,1,TT Supermolot Neue Exp Light It
NameArray:0,Win,16,TT Supermolot Neue Expanded
%EndFont

%BeginFont
Handler:DirectoryHandler
FontType:TrueType
FontName:TTSupermolotNeueExpanded-LtIt
FamilyName:TT Supermolot Neue Expanded
StyleName:Light Italic
FullName:TT Supermolot Neue Expanded Lt 
MenuName:TT Supermolot Neue Exp Light It
StyleBits:3
WritingScript:Roman
OutlineFileName:S:\Comercial\Publicidade\Cardall\Logo_perfil\Identidade 2022\Font\TTSupermolotNeueExpanded-LtIt.ttf
DataFormat:sfntData
hasSVG:no
VariableFontType:NonVariableFont
FileLength:185240
FileModTime:1547163934
WeightClass:300
WidthClass:7
AngleClass:0
NameArray:0,Mac,4,TT Supermolot Neue Expanded Lt 
NameArray:0,Win,1,TT Supermolot Neue Exp Light It
NameArray:0,Win,16,TT Supermolot Neue Expanded
%EndFont

%BeginFont
Handler:DirectoryHandler
FontType:Type1
FontName:TTSupermolotNeueExpanded-MdIt
FamilyName:TT Supermolot Neue Expanded
StyleName:Medium Italic
FullName:TT Supermolot Neue Expanded Md 
MenuName:TT Supermolot Neue Exp Med Ita
StyleBits:1
WritingScript:Roman
OutlineFileName:S:\Comercial\Publicidade\Cardall\Logo_perfil\Identidade 2022\Font\TTSupermolotNeueExpanded-MdIt.otf
DataFormat:sfntData
UsesStandardEncoding:yes
isCFF:yes
hasSVG:no
VariableFontType:NonVariableFont
FileLength:76120
FileModTime:1547163926
WeightClass:500
WidthClass:7
AngleClass:0
NameArray:0,Mac,4,TT Supermolot Neue Expanded Md 
NameArray:0,Win,1,TT Supermolot Neue Exp Med Ita
NameArray:0,Win,16,TT Supermolot Neue Expanded
%EndFont

%BeginFont
Handler:DirectoryHandler
FontType:TrueType
FontName:TTSupermolotNeueExpanded-MdIt
FamilyName:TT Supermolot Neue Expanded
StyleName:Medium Italic
FullName:TT Supermolot Neue Expanded Md 
MenuName:TT Supermolot Neue Exp Med Ita
StyleBits:1
WritingScript:Roman
OutlineFileName:S:\Comercial\Publicidade\Cardall\Logo_perfil\Identidade 2022\Font\TTSupermolotNeueExpanded-MdIt.ttf
DataFormat:sfntData
hasSVG:no
VariableFontType:NonVariableFont
FileLength:174748
FileModTime:1547163934
WeightClass:500
WidthClass:7
AngleClass:0
NameArray:0,Mac,4,TT Supermolot Neue Expanded Md 
NameArray:0,Win,1,TT Supermolot Neue Exp Med Ita
NameArray:0,Win,16,TT Supermolot Neue Expanded
%EndFont

%BeginFont
Handler:DirectoryHandler
FontType:Type1
FontName:TTSupermolotNeueExpanded-Med
FamilyName:TT Supermolot Neue Expanded
StyleName:Medium
FullName:TT Supermolot Neue Expanded Med
MenuName:TT Supermolot Neue Exp Medium
StyleBits:0
WritingScript:Roman
OutlineFileName:S:\Comercial\Publicidade\Cardall\Logo_perfil\Identidade 2022\Font\TTSupermolotNeueExpanded-Med.otf
DataFormat:sfntData
UsesStandardEncoding:yes
isCFF:yes
hasSVG:no
VariableFontType:NonVariableFont
FileLength:75428
FileModTime:1547163926
WeightClass:500
WidthClass:7
AngleClass:0
NameArray:0,Mac,4,TT Supermolot Neue Expanded Med
NameArray:0,Win,1,TT Supermolot Neue Exp Medium
NameArray:0,Win,16,TT Supermolot Neue Expanded
%EndFont

%BeginFont
Handler:DirectoryHandler
FontType:TrueType
FontName:TTSupermolotNeueExpanded-Med
FamilyName:TT Supermolot Neue Expanded
StyleName:Medium
FullName:TT Supermolot Neue Expanded Med
MenuName:TT Supermolot Neue Exp Medium
StyleBits:0
WritingScript:Roman
OutlineFileName:S:\Comercial\Publicidade\Cardall\Logo_perfil\Identidade 2022\Font\TTSupermolotNeueExpanded-Med.ttf
DataFormat:sfntData
hasSVG:no
VariableFontType:NonVariableFont
FileLength:182452
FileModTime:1547163934
WeightClass:500
WidthClass:7
AngleClass:0
NameArray:0,Mac,4,TT Supermolot Neue Expanded Med
NameArray:0,Win,1,TT Supermolot Neue Exp Medium
NameArray:0,Win,16,TT Supermolot Neue Expanded
%EndFont

%BeginFont
Handler:DirectoryHandler
FontType:Type1
FontName:TTSupermolotNeueExpanded-Reg
FamilyName:TT Supermolot Neue Expanded
StyleName:Expanded
FullName:TT Supermolot Neue Expanded Reg
MenuName:TT Supermolot Neue Expanded
StyleBits:0
WritingScript:Roman
OutlineFileName:S:\Comercial\Publicidade\Cardall\Logo_perfil\Identidade 2022\Font\TTSupermolotNeueExpanded-Reg.otf
DataFormat:sfntData
UsesStandardEncoding:yes
isCFF:yes
hasSVG:no
VariableFontType:NonVariableFont
FileLength:75656
FileModTime:1547163926
WeightClass:400
WidthClass:7
AngleClass:0
NameArray:0,Mac,4,TT Supermolot Neue Expanded Reg
NameArray:0,Win,1,TT Supermolot Neue Expanded
%EndFont

%BeginFont
Handler:DirectoryHandler
FontType:TrueType
FontName:TTSupermolotNeueExpanded-Reg
FamilyName:TT Supermolot Neue Expanded
StyleName:Expanded
FullName:TT Supermolot Neue Expanded Reg
MenuName:TT Supermolot Neue Expanded
StyleBits:0
WritingScript:Roman
OutlineFileName:S:\Comercial\Publicidade\Cardall\Logo_perfil\Identidade 2022\Font\TTSupermolotNeueExpanded-Reg.ttf
DataFormat:sfntData
hasSVG:no
VariableFontType:NonVariableFont
FileLength:172716
FileModTime:1547163934
WeightClass:400
WidthClass:7
AngleClass:0
NameArray:0,Mac,4,TT Supermolot Neue Expanded Reg
NameArray:0,Win,1,TT Supermolot Neue Expanded
%EndFont

%BeginFont
Handler:DirectoryHandler
FontType:Type1
FontName:TTSupermolotNeueExpanded-ThIt
FamilyName:TT Supermolot Neue Expanded
StyleName:Thin Italic
FullName:TT Supermolot Neue Expanded Th 
MenuName:TT Supermolot Neue Exp Thin Ita
StyleBits:1
WritingScript:Roman
OutlineFileName:S:\Comercial\Publicidade\Cardall\Logo_perfil\Identidade 2022\Font\TTSupermolotNeueExpanded-ThIt.otf
DataFormat:sfntData
UsesStandardEncoding:yes
isCFF:yes
hasSVG:no
VariableFontType:NonVariableFont
FileLength:77420
FileModTime:1547163924
WeightClass:265
WidthClass:7
AngleClass:0
NameArray:0,Mac,4,TT Supermolot Neue Expanded Th 
NameArray:0,Win,1,TT Supermolot Neue Exp Thin Ita
NameArray:0,Win,16,TT Supermolot Neue Expanded
%EndFont

%BeginFont
Handler:DirectoryHandler
FontType:TrueType
FontName:TTSupermolotNeueExpanded-ThIt
FamilyName:TT Supermolot Neue Expanded
StyleName:Thin Italic
FullName:TT Supermolot Neue Expanded Th 
MenuName:TT Supermolot Neue Exp Thin Ita
StyleBits:1
WritingScript:Roman
OutlineFileName:S:\Comercial\Publicidade\Cardall\Logo_perfil\Identidade 2022\Font\TTSupermolotNeueExpanded-ThIt.ttf
DataFormat:sfntData
hasSVG:no
VariableFontType:NonVariableFont
FileLength:180684
FileModTime:1547163934
WeightClass:200
WidthClass:7
AngleClass:0
NameArray:0,Mac,4,TT Supermolot Neue Expanded Th 
NameArray:0,Win,1,TT Supermolot Neue Exp Thin Ita
NameArray:0,Win,16,TT Supermolot Neue Expanded
%EndFont

%BeginFont
Handler:DirectoryHandler
FontType:Type1
FontName:TTSupermolotNeueExpanded-Thin
FamilyName:TT Supermolot Neue Expanded
StyleName:Thin
FullName:TT Supermolot Neue Expanded Th
MenuName:TT Supermolot Neue Exp Thin
StyleBits:0
WritingScript:Roman
OutlineFileName:S:\Comercial\Publicidade\Cardall\Logo_perfil\Identidade 2022\Font\TTSupermolotNeueExpanded-Thin.otf
DataFormat:sfntData
UsesStandardEncoding:yes
isCFF:yes
hasSVG:no
VariableFontType:NonVariableFont
FileLength:71872
FileModTime:1547163924
WeightClass:265
WidthClass:7
AngleClass:0
NameArray:0,Mac,4,TT Supermolot Neue Expanded Th
NameArray:0,Win,1,TT Supermolot Neue Exp Thin
NameArray:0,Win,16,TT Supermolot Neue Expanded
%EndFont

%BeginFont
Handler:DirectoryHandler
FontType:TrueType
FontName:TTSupermolotNeueExpanded-Thin
FamilyName:TT Supermolot Neue Expanded
StyleName:Thin
FullName:TT Supermolot Neue Expanded Th
MenuName:TT Supermolot Neue Exp Thin
StyleBits:0
WritingScript:Roman
OutlineFileName:S:\Comercial\Publicidade\Cardall\Logo_perfil\Identidade 2022\Font\TTSupermolotNeueExpanded-Thin.ttf
DataFormat:sfntData
hasSVG:no
VariableFontType:NonVariableFont
FileLength:174072
FileModTime:1547163934
WeightClass:200
WidthClass:7
AngleClass:0
NameArray:0,Mac,4,TT Supermolot Neue Expanded Th
NameArray:0,Win,1,TT Supermolot Neue Exp Thin
NameArray:0,Win,16,TT Supermolot Neue Expanded
%EndFont

